// Jest Snapshot v1, https://goo.gl/fbAQLP

exports[`ScrollingText should match a snapshot 1`] = `undefined`;
